mode: set
github.com/Defacto2/server/handler/htmx/artifact.go:31.66,33.38 2 1
github.com/Defacto2/server/handler/htmx/artifact.go:33.38,35.3 1 0
github.com/Defacto2/server/handler/htmx/artifact.go:37.2,38.45 2 1
github.com/Defacto2/server/handler/htmx/artifact.go:38.45,40.3 1 0
github.com/Defacto2/server/handler/htmx/artifact.go:41.2,41.44 1 1
github.com/Defacto2/server/handler/htmx/artifact.go:41.44,43.3 1 1
github.com/Defacto2/server/handler/htmx/artifact.go:45.2,47.16 3 1
github.com/Defacto2/server/handler/htmx/artifact.go:47.16,49.3 1 0
github.com/Defacto2/server/handler/htmx/artifact.go:51.2,51.39 1 1
github.com/Defacto2/server/handler/htmx/artifact.go:51.39,53.3 1 1
github.com/Defacto2/server/handler/htmx/artifact.go:55.2,55.24 1 1
github.com/Defacto2/server/handler/htmx/artifact.go:60.34,64.26 3 1
github.com/Defacto2/server/handler/htmx/artifact.go:64.26,66.3 1 1
github.com/Defacto2/server/handler/htmx/artifact.go:68.2,68.42 1 1
github.com/Defacto2/server/handler/htmx/artifact.go:68.42,70.3 1 1
github.com/Defacto2/server/handler/htmx/artifact.go:72.2,72.12 1 1
github.com/Defacto2/server/handler/htmx/artifact.go:76.44,78.38 2 0
github.com/Defacto2/server/handler/htmx/artifact.go:78.38,80.3 1 0
github.com/Defacto2/server/handler/htmx/artifact.go:82.2,83.45 2 0
github.com/Defacto2/server/handler/htmx/artifact.go:83.45,85.3 1 0
github.com/Defacto2/server/handler/htmx/artifact.go:87.2,87.44 1 0
github.com/Defacto2/server/handler/htmx/artifact.go:87.44,89.3 1 0
github.com/Defacto2/server/handler/htmx/artifact.go:91.2,91.18 1 0
github.com/Defacto2/server/handler/htmx/artifact.go:97.48,102.2 3 0
github.com/Defacto2/server/handler/htmx/artifact.go:107.9,109.46 2 0
github.com/Defacto2/server/handler/htmx/artifact.go:109.46,111.3 1 0
github.com/Defacto2/server/handler/htmx/artifact.go:113.2,114.16 2 0
github.com/Defacto2/server/handler/htmx/artifact.go:114.16,116.3 1 0
github.com/Defacto2/server/handler/htmx/artifact.go:118.2,122.48 4 0
github.com/Defacto2/server/handler/htmx/artifact.go:122.48,124.3 1 0
github.com/Defacto2/server/handler/htmx/artifact.go:126.2,126.45 1 0
github.com/Defacto2/server/handler/htmx/artifact.go:131.9,133.46 2 0
github.com/Defacto2/server/handler/htmx/artifact.go:133.46,135.3 1 0
github.com/Defacto2/server/handler/htmx/artifact.go:137.2,138.16 2 0
github.com/Defacto2/server/handler/htmx/artifact.go:138.16,140.3 1 0
github.com/Defacto2/server/handler/htmx/artifact.go:142.2,145.48 3 0
github.com/Defacto2/server/handler/htmx/artifact.go:145.48,147.3 1 0
github.com/Defacto2/server/handler/htmx/artifact.go:149.2,149.45 1 0
github.com/Defacto2/server/handler/htmx/artifact.go:154.9,156.46 2 0
github.com/Defacto2/server/handler/htmx/artifact.go:156.46,158.3 1 0
github.com/Defacto2/server/handler/htmx/artifact.go:160.2,161.16 2 0
github.com/Defacto2/server/handler/htmx/artifact.go:161.16,163.3 1 0
github.com/Defacto2/server/handler/htmx/artifact.go:165.2,168.48 3 0
github.com/Defacto2/server/handler/htmx/artifact.go:168.48,170.3 1 0
github.com/Defacto2/server/handler/htmx/artifact.go:172.2,172.45 1 0
github.com/Defacto2/server/handler/htmx/artifact.go:177.9,179.46 2 0
github.com/Defacto2/server/handler/htmx/artifact.go:179.46,181.3 1 0
github.com/Defacto2/server/handler/htmx/artifact.go:183.2,184.16 2 0
github.com/Defacto2/server/handler/htmx/artifact.go:184.16,186.3 1 0
github.com/Defacto2/server/handler/htmx/artifact.go:188.2,191.55 3 0
github.com/Defacto2/server/handler/htmx/artifact.go:191.55,193.3 1 0
github.com/Defacto2/server/handler/htmx/artifact.go:195.2,195.26 1 0
github.com/Defacto2/server/handler/htmx/artifact.go:200.9,202.46 2 0
github.com/Defacto2/server/handler/htmx/artifact.go:202.46,204.3 1 0
github.com/Defacto2/server/handler/htmx/artifact.go:206.2,207.16 2 0
github.com/Defacto2/server/handler/htmx/artifact.go:207.16,209.3 1 0
github.com/Defacto2/server/handler/htmx/artifact.go:211.2,214.48 3 0
github.com/Defacto2/server/handler/htmx/artifact.go:214.48,216.3 1 0
github.com/Defacto2/server/handler/htmx/artifact.go:218.2,218.26 1 0
github.com/Defacto2/server/handler/htmx/artifact.go:221.51,223.14 2 0
github.com/Defacto2/server/handler/htmx/artifact.go:229.32,230.39 1 0
github.com/Defacto2/server/handler/htmx/artifact.go:233.31,234.43 1 0
github.com/Defacto2/server/handler/htmx/artifact.go:235.10,236.37 1 0
github.com/Defacto2/server/handler/htmx/artifact.go:240.42,243.16 3 0
github.com/Defacto2/server/handler/htmx/artifact.go:243.16,245.3 1 0
github.com/Defacto2/server/handler/htmx/artifact.go:247.2,247.24 1 0
github.com/Defacto2/server/handler/htmx/artifact.go:251.47,253.38 2 0
github.com/Defacto2/server/handler/htmx/artifact.go:253.38,255.3 1 0
github.com/Defacto2/server/handler/htmx/artifact.go:257.2,258.16 2 0
github.com/Defacto2/server/handler/htmx/artifact.go:258.16,260.3 1 0
github.com/Defacto2/server/handler/htmx/artifact.go:262.2,262.23 1 0
github.com/Defacto2/server/handler/htmx/artifact.go:267.51,269.16 2 0
github.com/Defacto2/server/handler/htmx/artifact.go:269.16,271.3 1 0
github.com/Defacto2/server/handler/htmx/artifact.go:272.2,272.36 1 0
github.com/Defacto2/server/handler/htmx/artifactfs.go:27.32,28.12 1 0
github.com/Defacto2/server/handler/htmx/artifactfs.go:29.14,30.15 1 0
github.com/Defacto2/server/handler/htmx/artifactfs.go:31.12,32.16 1 0
github.com/Defacto2/server/handler/htmx/artifactfs.go:33.14,34.23 1 0
github.com/Defacto2/server/handler/htmx/artifactfs.go:36.2,36.11 1 0
github.com/Defacto2/server/handler/htmx/artifactfs.go:39.29,40.12 1 0
github.com/Defacto2/server/handler/htmx/artifactfs.go:41.14,42.16 1 0
github.com/Defacto2/server/handler/htmx/artifactfs.go:43.12,44.16 1 0
github.com/Defacto2/server/handler/htmx/artifactfs.go:45.14,46.16 1 0
github.com/Defacto2/server/handler/htmx/artifactfs.go:48.2,48.11 1 0
github.com/Defacto2/server/handler/htmx/artifactfs.go:51.65,53.38 2 0
github.com/Defacto2/server/handler/htmx/artifactfs.go:53.38,55.3 1 0
github.com/Defacto2/server/handler/htmx/artifactfs.go:57.2,58.16 2 0
github.com/Defacto2/server/handler/htmx/artifactfs.go:58.16,60.3 1 0
github.com/Defacto2/server/handler/htmx/artifactfs.go:62.2,63.16 2 0
github.com/Defacto2/server/handler/htmx/artifactfs.go:63.16,65.3 1 0
github.com/Defacto2/server/handler/htmx/artifactfs.go:67.2,70.16 4 0
github.com/Defacto2/server/handler/htmx/artifactfs.go:70.16,72.3 1 0
github.com/Defacto2/server/handler/htmx/artifactfs.go:73.2,73.20 1 0
github.com/Defacto2/server/handler/htmx/artifactfs.go:73.20,75.3 1 0
github.com/Defacto2/server/handler/htmx/artifactfs.go:77.2,78.55 2 0
github.com/Defacto2/server/handler/htmx/artifactfs.go:78.55,80.3 1 0
github.com/Defacto2/server/handler/htmx/artifactfs.go:82.2,85.35 3 0
github.com/Defacto2/server/handler/htmx/artifactfs.go:93.58,95.2 1 0
github.com/Defacto2/server/handler/htmx/artifactfs.go:98.59,100.2 1 0
github.com/Defacto2/server/handler/htmx/artifactfs.go:102.78,104.42 2 0
github.com/Defacto2/server/handler/htmx/artifactfs.go:104.42,106.3 1 0
github.com/Defacto2/server/handler/htmx/artifactfs.go:108.2,109.16 2 0
github.com/Defacto2/server/handler/htmx/artifactfs.go:109.16,111.3 1 0
github.com/Defacto2/server/handler/htmx/artifactfs.go:113.2,114.16 2 0
github.com/Defacto2/server/handler/htmx/artifactfs.go:114.16,116.3 1 0
github.com/Defacto2/server/handler/htmx/artifactfs.go:118.2,120.16 3 0
github.com/Defacto2/server/handler/htmx/artifactfs.go:120.16,122.3 1 0
github.com/Defacto2/server/handler/htmx/artifactfs.go:123.2,123.20 1 0
github.com/Defacto2/server/handler/htmx/artifactfs.go:123.20,125.3 1 0
github.com/Defacto2/server/handler/htmx/artifactfs.go:127.2,128.55 2 0
github.com/Defacto2/server/handler/htmx/artifactfs.go:128.55,130.3 1 0
github.com/Defacto2/server/handler/htmx/artifactfs.go:132.2,134.31 3 0
github.com/Defacto2/server/handler/htmx/artifactfs.go:134.31,137.72 3 0
github.com/Defacto2/server/handler/htmx/artifactfs.go:137.72,139.4 1 0
github.com/Defacto2/server/handler/htmx/artifactfs.go:142.2,145.46 2 0
github.com/Defacto2/server/handler/htmx/artifactfs.go:150.9,152.42 2 0
github.com/Defacto2/server/handler/htmx/artifactfs.go:152.42,154.3 1 0
github.com/Defacto2/server/handler/htmx/artifactfs.go:156.2,157.16 2 0
github.com/Defacto2/server/handler/htmx/artifactfs.go:157.16,159.3 1 0
github.com/Defacto2/server/handler/htmx/artifactfs.go:161.2,163.41 3 0
github.com/Defacto2/server/handler/htmx/artifactfs.go:163.41,165.3 1 0
github.com/Defacto2/server/handler/htmx/artifactfs.go:166.2,166.16 1 0
github.com/Defacto2/server/handler/htmx/artifactfs.go:166.16,168.3 1 0
github.com/Defacto2/server/handler/htmx/artifactfs.go:170.2,173.47 2 0
github.com/Defacto2/server/handler/htmx/artifactfs.go:177.94,179.42 2 0
github.com/Defacto2/server/handler/htmx/artifactfs.go:179.42,181.3 1 0
github.com/Defacto2/server/handler/htmx/artifactfs.go:183.2,184.16 2 0
github.com/Defacto2/server/handler/htmx/artifactfs.go:184.16,186.3 1 0
github.com/Defacto2/server/handler/htmx/artifactfs.go:188.2,190.41 3 0
github.com/Defacto2/server/handler/htmx/artifactfs.go:190.41,192.3 1 0
github.com/Defacto2/server/handler/htmx/artifactfs.go:193.2,193.16 1 0
github.com/Defacto2/server/handler/htmx/artifactfs.go:193.16,195.3 1 0
github.com/Defacto2/server/handler/htmx/artifactfs.go:197.2,200.48 2 0
github.com/Defacto2/server/handler/htmx/artifactfs.go:204.97,206.42 2 0
github.com/Defacto2/server/handler/htmx/artifactfs.go:206.42,208.3 1 0
github.com/Defacto2/server/handler/htmx/artifactfs.go:210.2,211.16 2 0
github.com/Defacto2/server/handler/htmx/artifactfs.go:211.16,213.3 1 0
github.com/Defacto2/server/handler/htmx/artifactfs.go:215.2,220.41 5 0
github.com/Defacto2/server/handler/htmx/artifactfs.go:220.41,222.3 1 0
github.com/Defacto2/server/handler/htmx/artifactfs.go:223.2,223.16 1 0
github.com/Defacto2/server/handler/htmx/artifactfs.go:223.16,225.3 1 0
github.com/Defacto2/server/handler/htmx/artifactfs.go:227.2,230.46 2 0
github.com/Defacto2/server/handler/htmx/artifactfs.go:236.85,238.42 2 0
github.com/Defacto2/server/handler/htmx/artifactfs.go:238.42,240.3 1 0
github.com/Defacto2/server/handler/htmx/artifactfs.go:242.2,243.16 2 0
github.com/Defacto2/server/handler/htmx/artifactfs.go:243.16,245.3 1 0
github.com/Defacto2/server/handler/htmx/artifactfs.go:247.2,252.71 5 0
github.com/Defacto2/server/handler/htmx/artifactfs.go:252.71,254.3 1 0
github.com/Defacto2/server/handler/htmx/artifactfs.go:258.2,259.52 1 0
github.com/Defacto2/server/handler/htmx/artifactfs.go:264.62,266.2 1 0
github.com/Defacto2/server/handler/htmx/artifactfs.go:270.63,272.2 1 0
github.com/Defacto2/server/handler/htmx/artifactfs.go:276.65,278.2 1 0
github.com/Defacto2/server/handler/htmx/artifactfs.go:281.76,283.38 2 0
github.com/Defacto2/server/handler/htmx/artifactfs.go:283.38,285.3 1 0
github.com/Defacto2/server/handler/htmx/artifactfs.go:287.2,288.16 2 0
github.com/Defacto2/server/handler/htmx/artifactfs.go:288.16,290.3 1 0
github.com/Defacto2/server/handler/htmx/artifactfs.go:292.2,295.36 4 0
github.com/Defacto2/server/handler/htmx/artifactfs.go:295.36,297.3 1 0
github.com/Defacto2/server/handler/htmx/artifactfs.go:298.2,298.16 1 0
github.com/Defacto2/server/handler/htmx/artifactfs.go:298.16,300.3 1 0
github.com/Defacto2/server/handler/htmx/artifactfs.go:301.2,301.16 1 0
github.com/Defacto2/server/handler/htmx/artifactfs.go:301.16,303.3 1 0
github.com/Defacto2/server/handler/htmx/artifactfs.go:305.2,305.39 1 0
github.com/Defacto2/server/handler/htmx/artifactfs.go:305.39,307.3 1 0
github.com/Defacto2/server/handler/htmx/artifactfs.go:309.2,311.35 2 0
github.com/Defacto2/server/handler/htmx/artifactfs.go:316.74,318.38 2 0
github.com/Defacto2/server/handler/htmx/artifactfs.go:318.38,320.3 1 0
github.com/Defacto2/server/handler/htmx/artifactfs.go:322.2,323.16 2 0
github.com/Defacto2/server/handler/htmx/artifactfs.go:323.16,325.3 1 0
github.com/Defacto2/server/handler/htmx/artifactfs.go:327.2,328.40 2 0
github.com/Defacto2/server/handler/htmx/artifactfs.go:328.40,330.3 1 0
github.com/Defacto2/server/handler/htmx/artifactfs.go:332.2,332.60 1 0
github.com/Defacto2/server/handler/htmx/artifactfs.go:332.60,333.42 1 0
github.com/Defacto2/server/handler/htmx/artifactfs.go:333.42,335.4 1 0
github.com/Defacto2/server/handler/htmx/artifactfs.go:336.3,336.28 1 0
github.com/Defacto2/server/handler/htmx/artifactfs.go:342.2,344.34 1 0
github.com/Defacto2/server/handler/htmx/artifactfs.go:349.9,351.42 2 0
github.com/Defacto2/server/handler/htmx/artifactfs.go:351.42,353.3 1 0
github.com/Defacto2/server/handler/htmx/artifactfs.go:355.2,356.16 2 0
github.com/Defacto2/server/handler/htmx/artifactfs.go:356.16,358.3 1 0
github.com/Defacto2/server/handler/htmx/artifactfs.go:360.2,361.16 2 0
github.com/Defacto2/server/handler/htmx/artifactfs.go:361.16,363.3 1 0
github.com/Defacto2/server/handler/htmx/artifactfs.go:365.2,368.16 4 0
github.com/Defacto2/server/handler/htmx/artifactfs.go:368.16,370.3 1 0
github.com/Defacto2/server/handler/htmx/artifactfs.go:371.2,371.20 1 0
github.com/Defacto2/server/handler/htmx/artifactfs.go:371.20,373.3 1 0
github.com/Defacto2/server/handler/htmx/artifactfs.go:375.2,376.71 2 0
github.com/Defacto2/server/handler/htmx/artifactfs.go:376.71,378.3 1 0
github.com/Defacto2/server/handler/htmx/artifactfs.go:380.2,383.50 2 0
github.com/Defacto2/server/handler/htmx/artifactfs.go:393.76,400.2 2 0
github.com/Defacto2/server/handler/htmx/artifactfs.go:403.78,410.2 2 0
github.com/Defacto2/server/handler/htmx/artifactfs.go:416.9,417.42 1 0
github.com/Defacto2/server/handler/htmx/artifactfs.go:417.42,419.3 1 0
github.com/Defacto2/server/handler/htmx/artifactfs.go:421.2,422.16 2 0
github.com/Defacto2/server/handler/htmx/artifactfs.go:422.16,424.3 1 0
github.com/Defacto2/server/handler/htmx/artifactfs.go:426.2,428.16 3 0
github.com/Defacto2/server/handler/htmx/artifactfs.go:428.16,430.3 1 0
github.com/Defacto2/server/handler/htmx/artifactfs.go:432.2,434.16 3 0
github.com/Defacto2/server/handler/htmx/artifactfs.go:434.16,436.3 1 0
github.com/Defacto2/server/handler/htmx/artifactfs.go:437.2,437.20 1 0
github.com/Defacto2/server/handler/htmx/artifactfs.go:437.20,439.3 1 0
github.com/Defacto2/server/handler/htmx/artifactfs.go:441.2,441.74 1 0
github.com/Defacto2/server/handler/htmx/artifactfs.go:441.74,443.3 1 0
github.com/Defacto2/server/handler/htmx/artifactfs.go:445.2,447.44 2 0
github.com/Defacto2/server/handler/htmx/artifacttx.go:26.53,28.2 1 0
github.com/Defacto2/server/handler/htmx/artifacttx.go:31.52,33.2 1 0
github.com/Defacto2/server/handler/htmx/artifacttx.go:36.56,38.2 1 0
github.com/Defacto2/server/handler/htmx/artifacttx.go:41.54,43.2 1 0
github.com/Defacto2/server/handler/htmx/artifacttx.go:46.49,48.2 1 0
github.com/Defacto2/server/handler/htmx/artifacttx.go:51.53,53.2 1 0
github.com/Defacto2/server/handler/htmx/artifacttx.go:56.51,58.2 1 0
github.com/Defacto2/server/handler/htmx/artifacttx.go:61.55,63.2 1 0
github.com/Defacto2/server/handler/htmx/artifacttx.go:66.54,69.2 1 0
github.com/Defacto2/server/handler/htmx/artifacttx.go:72.53,75.2 1 0
github.com/Defacto2/server/handler/htmx/artifacttx.go:78.54,81.2 1 0
github.com/Defacto2/server/handler/htmx/artifacttx.go:84.55,87.2 1 0
github.com/Defacto2/server/handler/htmx/artifacttx.go:90.51,93.2 2 0
github.com/Defacto2/server/handler/htmx/artifacttx.go:96.49,99.2 2 0
github.com/Defacto2/server/handler/htmx/artifacttx.go:102.52,106.2 2 0
github.com/Defacto2/server/handler/htmx/artifacttx.go:109.50,113.2 2 0
github.com/Defacto2/server/handler/htmx/artifacttx.go:116.53,119.2 2 0
github.com/Defacto2/server/handler/htmx/artifacttx.go:122.52,125.2 2 0
github.com/Defacto2/server/handler/htmx/artifacttx.go:127.54,129.2 1 0
github.com/Defacto2/server/handler/htmx/artifacttx.go:131.54,133.2 1 0
github.com/Defacto2/server/handler/htmx/artifacttx.go:135.54,137.2 1 0
github.com/Defacto2/server/handler/htmx/artifacttx.go:140.57,142.2 1 0
github.com/Defacto2/server/handler/htmx/artifacttx.go:145.58,147.2 1 0
github.com/Defacto2/server/handler/htmx/artifacttx.go:150.54,152.2 1 0
github.com/Defacto2/server/handler/htmx/artifacttx.go:155.54,157.2 1 0
github.com/Defacto2/server/handler/htmx/artifacttx.go:160.58,163.42 3 0
github.com/Defacto2/server/handler/htmx/artifacttx.go:163.42,165.3 1 0
github.com/Defacto2/server/handler/htmx/artifacttx.go:167.2,168.16 2 0
github.com/Defacto2/server/handler/htmx/artifacttx.go:168.16,170.3 1 0
github.com/Defacto2/server/handler/htmx/artifacttx.go:172.2,172.40 1 0
github.com/Defacto2/server/handler/htmx/artifacttx.go:172.40,174.10 2 0
github.com/Defacto2/server/handler/htmx/artifacttx.go:174.10,176.4 1 0
github.com/Defacto2/server/handler/htmx/artifacttx.go:177.3,177.88 1 0
github.com/Defacto2/server/handler/htmx/artifacttx.go:180.2,181.23 2 0
github.com/Defacto2/server/handler/htmx/artifacttx.go:181.23,184.3 2 0
github.com/Defacto2/server/handler/htmx/artifacttx.go:186.2,187.72 2 0
github.com/Defacto2/server/handler/htmx/artifacttx.go:187.72,189.3 1 0
github.com/Defacto2/server/handler/htmx/artifacttx.go:191.2,192.15 2 0
github.com/Defacto2/server/handler/htmx/artifacttx.go:192.15,194.3 1 0
github.com/Defacto2/server/handler/htmx/artifacttx.go:195.2,195.59 1 0
github.com/Defacto2/server/handler/htmx/artifacttx.go:200.51,201.16 1 0
github.com/Defacto2/server/handler/htmx/artifacttx.go:201.16,203.3 1 0
github.com/Defacto2/server/handler/htmx/artifacttx.go:205.2,214.29 9 0
github.com/Defacto2/server/handler/htmx/artifacttx.go:214.29,216.3 1 0
github.com/Defacto2/server/handler/htmx/artifacttx.go:217.2,217.59 1 0
github.com/Defacto2/server/handler/htmx/artifacttx.go:221.53,223.42 2 0
github.com/Defacto2/server/handler/htmx/artifacttx.go:223.42,225.3 1 0
github.com/Defacto2/server/handler/htmx/artifacttx.go:227.2,228.16 2 0
github.com/Defacto2/server/handler/htmx/artifacttx.go:228.16,230.3 1 0
github.com/Defacto2/server/handler/htmx/artifacttx.go:232.2,233.43 2 0
github.com/Defacto2/server/handler/htmx/artifacttx.go:233.43,235.3 1 0
github.com/Defacto2/server/handler/htmx/artifacttx.go:237.2,245.22 7 0
github.com/Defacto2/server/handler/htmx/artifacttx.go:245.22,247.17 2 0
github.com/Defacto2/server/handler/htmx/artifacttx.go:247.17,249.4 1 0
github.com/Defacto2/server/handler/htmx/artifacttx.go:250.3,250.33 1 0
github.com/Defacto2/server/handler/htmx/artifacttx.go:250.33,252.4 1 0
github.com/Defacto2/server/handler/htmx/artifacttx.go:255.2,257.20 3 0
github.com/Defacto2/server/handler/htmx/artifacttx.go:257.20,259.17 2 0
github.com/Defacto2/server/handler/htmx/artifacttx.go:259.17,261.4 1 0
github.com/Defacto2/server/handler/htmx/artifacttx.go:262.3,262.29 1 0
github.com/Defacto2/server/handler/htmx/artifacttx.go:262.29,264.4 1 0
github.com/Defacto2/server/handler/htmx/artifacttx.go:267.2,280.45 5 0
github.com/Defacto2/server/handler/htmx/artifacttx.go:280.45,282.3 1 0
github.com/Defacto2/server/handler/htmx/artifacttx.go:284.2,285.29 2 0
github.com/Defacto2/server/handler/htmx/artifacttx.go:285.29,287.3 1 0
github.com/Defacto2/server/handler/htmx/artifacttx.go:288.2,288.59 1 0
github.com/Defacto2/server/handler/htmx/artifacttx.go:292.54,294.42 2 0
github.com/Defacto2/server/handler/htmx/artifacttx.go:294.42,296.3 1 0
github.com/Defacto2/server/handler/htmx/artifacttx.go:298.2,299.16 2 0
github.com/Defacto2/server/handler/htmx/artifacttx.go:299.16,301.3 1 0
github.com/Defacto2/server/handler/htmx/artifacttx.go:303.2,306.27 4 0
github.com/Defacto2/server/handler/htmx/artifacttx.go:306.27,309.3 2 0
github.com/Defacto2/server/handler/htmx/artifacttx.go:311.2,328.78 10 0
github.com/Defacto2/server/handler/htmx/artifacttx.go:328.78,330.3 1 0
github.com/Defacto2/server/handler/htmx/artifacttx.go:332.2,333.49 2 0
github.com/Defacto2/server/handler/htmx/artifacttx.go:333.49,335.3 1 0
github.com/Defacto2/server/handler/htmx/artifacttx.go:337.2,337.52 1 0
github.com/Defacto2/server/handler/htmx/artifacttx.go:343.65,345.46 2 0
github.com/Defacto2/server/handler/htmx/artifacttx.go:345.46,347.3 1 0
github.com/Defacto2/server/handler/htmx/artifacttx.go:349.2,352.57 4 0
github.com/Defacto2/server/handler/htmx/artifacttx.go:352.57,354.17 2 0
github.com/Defacto2/server/handler/htmx/artifacttx.go:354.17,357.4 2 0
github.com/Defacto2/server/handler/htmx/artifacttx.go:358.3,358.63 1 0
github.com/Defacto2/server/handler/htmx/artifacttx.go:361.2,362.16 2 0
github.com/Defacto2/server/handler/htmx/artifacttx.go:362.16,364.3 1 0
github.com/Defacto2/server/handler/htmx/artifacttx.go:366.2,369.55 2 0
github.com/Defacto2/server/handler/htmx/artifacttx.go:369.55,371.3 1 0
github.com/Defacto2/server/handler/htmx/artifacttx.go:373.2,374.16 2 0
github.com/Defacto2/server/handler/htmx/artifacttx.go:374.16,377.3 2 0
github.com/Defacto2/server/handler/htmx/artifacttx.go:379.2,379.44 1 0
github.com/Defacto2/server/handler/htmx/artifacttx.go:384.62,386.42 2 0
github.com/Defacto2/server/handler/htmx/artifacttx.go:386.42,388.3 1 0
github.com/Defacto2/server/handler/htmx/artifacttx.go:390.2,391.16 2 0
github.com/Defacto2/server/handler/htmx/artifacttx.go:391.16,393.3 1 0
github.com/Defacto2/server/handler/htmx/artifacttx.go:395.2,396.64 2 0
github.com/Defacto2/server/handler/htmx/artifacttx.go:396.64,398.3 1 0
github.com/Defacto2/server/handler/htmx/artifacttx.go:400.2,400.11 1 0
github.com/Defacto2/server/handler/htmx/artifacttx.go:400.11,402.3 1 0
github.com/Defacto2/server/handler/htmx/artifacttx.go:403.2,403.43 1 0
github.com/Defacto2/server/handler/htmx/artifacttx.go:409.79,411.42 2 0
github.com/Defacto2/server/handler/htmx/artifacttx.go:411.42,413.3 1 0
github.com/Defacto2/server/handler/htmx/artifacttx.go:415.2,416.16 2 0
github.com/Defacto2/server/handler/htmx/artifacttx.go:416.16,418.3 1 0
github.com/Defacto2/server/handler/htmx/artifacttx.go:420.2,421.63 2 0
github.com/Defacto2/server/handler/htmx/artifacttx.go:421.63,423.3 1 0
github.com/Defacto2/server/handler/htmx/artifacttx.go:425.2,425.11 1 0
github.com/Defacto2/server/handler/htmx/artifacttx.go:425.11,428.3 1 0
github.com/Defacto2/server/handler/htmx/artifacttx.go:429.2,431.79 2 0
github.com/Defacto2/server/handler/htmx/artifacttx.go:435.51,437.42 2 0
github.com/Defacto2/server/handler/htmx/artifacttx.go:437.42,439.3 1 0
github.com/Defacto2/server/handler/htmx/artifacttx.go:441.2,442.16 2 0
github.com/Defacto2/server/handler/htmx/artifacttx.go:442.16,444.3 1 0
github.com/Defacto2/server/handler/htmx/artifacttx.go:446.2,447.39 2 0
github.com/Defacto2/server/handler/htmx/artifacttx.go:447.39,449.3 1 0
github.com/Defacto2/server/handler/htmx/artifacttx.go:451.2,452.64 2 0
github.com/Defacto2/server/handler/htmx/artifacttx.go:452.64,454.3 1 0
github.com/Defacto2/server/handler/htmx/artifacttx.go:456.2,456.27 1 0
github.com/Defacto2/server/handler/htmx/artifacttx.go:462.53,464.2 1 0
github.com/Defacto2/server/handler/htmx/artifacttx.go:469.57,471.2 1 0
github.com/Defacto2/server/handler/htmx/artifacttx.go:473.64,475.42 2 0
github.com/Defacto2/server/handler/htmx/artifacttx.go:475.42,477.3 1 0
github.com/Defacto2/server/handler/htmx/artifacttx.go:479.2,480.16 2 0
github.com/Defacto2/server/handler/htmx/artifacttx.go:480.16,482.3 1 0
github.com/Defacto2/server/handler/htmx/artifacttx.go:484.2,491.15 6 0
github.com/Defacto2/server/handler/htmx/artifacttx.go:491.15,493.3 1 0
github.com/Defacto2/server/handler/htmx/artifacttx.go:495.2,497.10 3 0
github.com/Defacto2/server/handler/htmx/artifacttx.go:497.10,500.3 2 0
github.com/Defacto2/server/handler/htmx/artifacttx.go:502.2,503.75 2 0
github.com/Defacto2/server/handler/htmx/artifacttx.go:503.75,505.3 1 0
github.com/Defacto2/server/handler/htmx/artifacttx.go:507.2,507.49 1 0
github.com/Defacto2/server/handler/htmx/artifacttx.go:520.47,522.2 1 0
github.com/Defacto2/server/handler/htmx/artifacttx.go:525.51,527.2 1 0
github.com/Defacto2/server/handler/htmx/artifacttx.go:531.51,533.2 1 0
github.com/Defacto2/server/handler/htmx/artifacttx.go:535.58,537.42 2 0
github.com/Defacto2/server/handler/htmx/artifacttx.go:537.42,539.3 1 0
github.com/Defacto2/server/handler/htmx/artifacttx.go:541.2,542.16 2 0
github.com/Defacto2/server/handler/htmx/artifacttx.go:542.16,544.3 1 0
github.com/Defacto2/server/handler/htmx/artifacttx.go:546.2,556.21 8 0
github.com/Defacto2/server/handler/htmx/artifacttx.go:556.21,558.10 2 0
github.com/Defacto2/server/handler/htmx/artifacttx.go:559.18,560.45 1 0
github.com/Defacto2/server/handler/htmx/artifacttx.go:561.24,564.11 3 0
github.com/Defacto2/server/handler/htmx/artifacttx.go:568.2,571.21 3 0
github.com/Defacto2/server/handler/htmx/artifacttx.go:571.21,573.3 1 0
github.com/Defacto2/server/handler/htmx/artifacttx.go:574.2,574.21 1 0
github.com/Defacto2/server/handler/htmx/artifacttx.go:574.21,576.3 1 0
github.com/Defacto2/server/handler/htmx/artifacttx.go:577.2,577.40 1 0
github.com/Defacto2/server/handler/htmx/artifacttx.go:577.40,581.25 4 0
github.com/Defacto2/server/handler/htmx/artifacttx.go:581.25,583.4 1 0
github.com/Defacto2/server/handler/htmx/artifacttx.go:584.3,588.16 5 0
github.com/Defacto2/server/handler/htmx/artifacttx.go:588.16,590.4 1 0
github.com/Defacto2/server/handler/htmx/artifacttx.go:593.2,594.31 2 0
github.com/Defacto2/server/handler/htmx/artifacttx.go:594.31,596.3 1 0
github.com/Defacto2/server/handler/htmx/artifacttx.go:598.2,599.64 2 0
github.com/Defacto2/server/handler/htmx/artifacttx.go:599.64,601.3 1 0
github.com/Defacto2/server/handler/htmx/artifacttx.go:603.2,603.13 1 0
github.com/Defacto2/server/handler/htmx/artifacttx.go:604.16,605.50 1 0
github.com/Defacto2/server/handler/htmx/artifacttx.go:606.10,607.52 1 0
github.com/Defacto2/server/handler/htmx/htmx.go:50.39,52.38 2 1
github.com/Defacto2/server/handler/htmx/htmx.go:52.38,54.3 1 0
github.com/Defacto2/server/handler/htmx/htmx.go:56.2,59.18 4 1
github.com/Defacto2/server/handler/htmx/htmx.go:59.18,61.3 1 0
github.com/Defacto2/server/handler/htmx/htmx.go:63.2,65.21 3 1
github.com/Defacto2/server/handler/htmx/htmx.go:65.21,68.3 1 0
github.com/Defacto2/server/handler/htmx/htmx.go:70.2,70.40 1 1
github.com/Defacto2/server/handler/htmx/htmx.go:70.40,71.27 1 1
github.com/Defacto2/server/handler/htmx/htmx.go:71.27,73.4 1 1
github.com/Defacto2/server/handler/htmx/htmx.go:74.3,74.26 1 1
github.com/Defacto2/server/handler/htmx/htmx.go:74.26,75.48 1 1
github.com/Defacto2/server/handler/htmx/htmx.go:75.48,77.5 1 1
github.com/Defacto2/server/handler/htmx/htmx.go:81.2,82.43 2 1
github.com/Defacto2/server/handler/htmx/htmx.go:92.70,94.42 2 1
github.com/Defacto2/server/handler/htmx/htmx.go:94.42,96.3 1 0
github.com/Defacto2/server/handler/htmx/htmx.go:98.2,100.16 3 1
github.com/Defacto2/server/handler/htmx/htmx.go:100.16,103.3 1 0
github.com/Defacto2/server/handler/htmx/htmx.go:105.2,107.16 3 1
github.com/Defacto2/server/handler/htmx/htmx.go:107.16,110.3 1 0
github.com/Defacto2/server/handler/htmx/htmx.go:112.2,112.48 1 1
github.com/Defacto2/server/handler/htmx/htmx.go:112.48,116.3 3 0
github.com/Defacto2/server/handler/htmx/htmx.go:117.2,117.47 1 1
github.com/Defacto2/server/handler/htmx/htmx.go:117.47,119.3 1 1
github.com/Defacto2/server/handler/htmx/htmx.go:121.2,122.16 2 1
github.com/Defacto2/server/handler/htmx/htmx.go:122.16,124.3 1 0
github.com/Defacto2/server/handler/htmx/htmx.go:125.2,125.37 1 1
github.com/Defacto2/server/handler/htmx/htmx.go:125.37,127.3 1 1
github.com/Defacto2/server/handler/htmx/htmx.go:129.2,130.27 2 0
github.com/Defacto2/server/handler/htmx/htmx.go:130.27,132.39 2 0
github.com/Defacto2/server/handler/htmx/htmx.go:132.39,134.18 2 0
github.com/Defacto2/server/handler/htmx/htmx.go:134.18,135.13 1 0
github.com/Defacto2/server/handler/htmx/htmx.go:137.4,137.29 1 0
github.com/Defacto2/server/handler/htmx/htmx.go:141.2,141.75 1 0
github.com/Defacto2/server/handler/htmx/htmx.go:141.75,143.3 1 0
github.com/Defacto2/server/handler/htmx/htmx.go:145.2,145.27 1 0
github.com/Defacto2/server/handler/htmx/htmx.go:145.27,146.38 1 0
github.com/Defacto2/server/handler/htmx/htmx.go:146.38,148.18 2 0
github.com/Defacto2/server/handler/htmx/htmx.go:148.18,149.13 1 0
github.com/Defacto2/server/handler/htmx/htmx.go:151.4,151.36 1 0
github.com/Defacto2/server/handler/htmx/htmx.go:155.2,155.59 1 0
github.com/Defacto2/server/handler/htmx/htmx.go:161.52,182.2 9 0
github.com/Defacto2/server/handler/htmx/htmx.go:190.91,193.38 3 1
github.com/Defacto2/server/handler/htmx/htmx.go:193.38,195.3 1 0
github.com/Defacto2/server/handler/htmx/htmx.go:197.2,198.36 2 1
github.com/Defacto2/server/handler/htmx/htmx.go:198.36,201.3 2 0
github.com/Defacto2/server/handler/htmx/htmx.go:203.2,203.63 1 1
github.com/Defacto2/server/handler/htmx/htmx.go:203.63,204.28 1 1
github.com/Defacto2/server/handler/htmx/htmx.go:204.28,207.4 2 0
github.com/Defacto2/server/handler/htmx/htmx.go:212.2,214.52 3 1
github.com/Defacto2/server/handler/htmx/htmx.go:214.52,216.3 1 0
github.com/Defacto2/server/handler/htmx/htmx.go:218.2,219.30 2 1
github.com/Defacto2/server/handler/htmx/htmx.go:219.30,221.38 2 1
github.com/Defacto2/server/handler/htmx/htmx.go:221.38,223.4 1 1
github.com/Defacto2/server/handler/htmx/htmx.go:224.3,224.34 1 1
github.com/Defacto2/server/handler/htmx/htmx.go:224.34,226.4 1 1
github.com/Defacto2/server/handler/htmx/htmx.go:228.3,233.40 4 1
github.com/Defacto2/server/handler/htmx/htmx.go:236.2,236.42 1 1
github.com/Defacto2/server/handler/htmx/htmx.go:236.42,237.21 1 1
github.com/Defacto2/server/handler/htmx/htmx.go:237.21,238.12 1 0
github.com/Defacto2/server/handler/htmx/htmx.go:240.3,240.19 1 1
github.com/Defacto2/server/handler/htmx/htmx.go:243.2,245.62 1 0
github.com/Defacto2/server/handler/htmx/htmx.go:252.96,254.46 2 0
github.com/Defacto2/server/handler/htmx/htmx.go:254.46,256.3 1 0
github.com/Defacto2/server/handler/htmx/htmx.go:258.2,258.44 1 0
github.com/Defacto2/server/handler/htmx/htmx.go:262.55,264.42 2 1
github.com/Defacto2/server/handler/htmx/htmx.go:264.42,266.3 1 0
github.com/Defacto2/server/handler/htmx/htmx.go:268.2,269.16 2 1
github.com/Defacto2/server/handler/htmx/htmx.go:269.16,271.3 1 0
github.com/Defacto2/server/handler/htmx/htmx.go:273.2,277.51 3 1
github.com/Defacto2/server/handler/htmx/htmx.go:282.90,284.46 2 1
github.com/Defacto2/server/handler/htmx/htmx.go:284.46,286.3 1 0
github.com/Defacto2/server/handler/htmx/htmx.go:288.2,289.16 2 1
github.com/Defacto2/server/handler/htmx/htmx.go:289.16,291.3 1 0
github.com/Defacto2/server/handler/htmx/htmx.go:293.2,294.53 2 1
github.com/Defacto2/server/handler/htmx/htmx.go:294.53,298.3 2 1
github.com/Defacto2/server/handler/htmx/htmx.go:304.2,305.79 1 0
github.com/Defacto2/server/handler/htmx/htmx.go:308.23,369.2 1 1
github.com/Defacto2/server/handler/htmx/htmx.go:374.59,376.38 2 1
github.com/Defacto2/server/handler/htmx/htmx.go:376.38,378.3 1 0
github.com/Defacto2/server/handler/htmx/htmx.go:380.2,383.41 4 1
github.com/Defacto2/server/handler/htmx/htmx.go:383.41,385.17 2 1
github.com/Defacto2/server/handler/htmx/htmx.go:385.17,387.12 2 1
github.com/Defacto2/server/handler/htmx/htmx.go:390.3,391.10 2 0
github.com/Defacto2/server/handler/htmx/htmx.go:392.30,393.26 1 0
github.com/Defacto2/server/handler/htmx/htmx.go:394.36,395.34 1 0
github.com/Defacto2/server/handler/htmx/htmx.go:396.47,397.25 1 0
github.com/Defacto2/server/handler/htmx/htmx.go:398.11,399.35 1 0
github.com/Defacto2/server/handler/htmx/htmx.go:402.3,404.54 3 0
github.com/Defacto2/server/handler/htmx/htmx.go:407.2,410.38 3 1
github.com/Defacto2/server/handler/htmx/htmx.go:421.53,423.42 2 1
github.com/Defacto2/server/handler/htmx/htmx.go:423.42,425.3 1 0
github.com/Defacto2/server/handler/htmx/htmx.go:427.2,429.16 3 1
github.com/Defacto2/server/handler/htmx/htmx.go:429.16,432.3 1 0
github.com/Defacto2/server/handler/htmx/htmx.go:434.2,436.16 3 1
github.com/Defacto2/server/handler/htmx/htmx.go:436.16,439.3 1 0
github.com/Defacto2/server/handler/htmx/htmx.go:441.2,441.26 1 1
github.com/Defacto2/server/handler/htmx/htmx.go:441.26,445.3 3 0
github.com/Defacto2/server/handler/htmx/htmx.go:446.2,446.25 1 1
github.com/Defacto2/server/handler/htmx/htmx.go:446.25,448.3 1 1
github.com/Defacto2/server/handler/htmx/htmx.go:450.2,451.9 2 1
github.com/Defacto2/server/handler/htmx/htmx.go:452.18,453.43 1 0
github.com/Defacto2/server/handler/htmx/htmx.go:454.26,455.13 1 0
github.com/Defacto2/server/handler/htmx/htmx.go:456.21,457.86 1 0
github.com/Defacto2/server/handler/htmx/htmx.go:460.2,461.51 2 1
github.com/Defacto2/server/handler/htmx/htmx.go:461.51,463.3 1 0
github.com/Defacto2/server/handler/htmx/htmx.go:463.8,463.20 1 1
github.com/Defacto2/server/handler/htmx/htmx.go:463.20,465.3 1 0
github.com/Defacto2/server/handler/htmx/htmx.go:467.2,468.26 2 1
github.com/Defacto2/server/handler/htmx/htmx.go:468.26,470.35 2 1
github.com/Defacto2/server/handler/htmx/htmx.go:470.35,472.4 1 1
github.com/Defacto2/server/handler/htmx/htmx.go:474.2,474.28 1 1
github.com/Defacto2/server/handler/htmx/htmx.go:474.28,476.3 1 1
github.com/Defacto2/server/handler/htmx/htmx.go:478.2,479.24 2 1
github.com/Defacto2/server/handler/htmx/htmx.go:479.24,481.45 2 1
github.com/Defacto2/server/handler/htmx/htmx.go:481.45,483.4 1 1
github.com/Defacto2/server/handler/htmx/htmx.go:486.2,486.57 1 1
github.com/Defacto2/server/handler/htmx/htmx.go:489.50,509.2 9 1
github.com/Defacto2/server/handler/htmx/htmx.go:515.85,520.38 5 1
github.com/Defacto2/server/handler/htmx/htmx.go:520.38,522.3 1 1
github.com/Defacto2/server/handler/htmx/htmx.go:524.2,525.36 2 1
github.com/Defacto2/server/handler/htmx/htmx.go:525.36,528.3 1 0
github.com/Defacto2/server/handler/htmx/htmx.go:530.2,530.14 1 1
github.com/Defacto2/server/handler/htmx/htmx.go:530.14,531.60 1 0
github.com/Defacto2/server/handler/htmx/htmx.go:531.60,532.15 1 0
github.com/Defacto2/server/handler/htmx/htmx.go:532.15,534.5 1 0
github.com/Defacto2/server/handler/htmx/htmx.go:538.2,540.49 3 1
github.com/Defacto2/server/handler/htmx/htmx.go:540.49,542.3 1 0
github.com/Defacto2/server/handler/htmx/htmx.go:544.2,546.38 3 1
github.com/Defacto2/server/handler/htmx/htmx.go:546.38,547.18 1 1
github.com/Defacto2/server/handler/htmx/htmx.go:547.18,549.9 2 1
github.com/Defacto2/server/handler/htmx/htmx.go:552.2,552.39 1 1
github.com/Defacto2/server/handler/htmx/htmx.go:552.39,556.3 3 0
github.com/Defacto2/server/handler/htmx/htmx.go:558.2,558.45 1 1
github.com/Defacto2/server/handler/htmx/htmx.go:558.45,561.3 2 0
github.com/Defacto2/server/handler/htmx/htmx.go:563.2,563.18 1 1
github.com/Defacto2/server/handler/htmx/htmx.go:566.45,567.38 1 1
github.com/Defacto2/server/handler/htmx/htmx.go:567.38,569.3 1 1
github.com/Defacto2/server/handler/htmx/htmx.go:571.2,572.47 2 0
github.com/Defacto2/server/handler/htmx/htmx.go:572.47,573.30 1 0
github.com/Defacto2/server/handler/htmx/htmx.go:573.30,574.58 1 0
github.com/Defacto2/server/handler/htmx/htmx.go:574.58,575.13 1 0
github.com/Defacto2/server/handler/htmx/htmx.go:579.3,579.19 1 0
github.com/Defacto2/server/handler/htmx/htmx.go:582.2,582.11 1 0
github.com/Defacto2/server/handler/htmx/htmx.go:589.94,591.46 2 1
github.com/Defacto2/server/handler/htmx/htmx.go:591.46,593.3 1 0
github.com/Defacto2/server/handler/htmx/htmx.go:595.2,595.42 1 1
github.com/Defacto2/server/handler/htmx/htmx.go:599.69,601.46 2 1
github.com/Defacto2/server/handler/htmx/htmx.go:601.46,603.3 1 0
github.com/Defacto2/server/handler/htmx/htmx.go:605.2,610.43 6 1
github.com/Defacto2/server/handler/htmx/htmx.go:610.43,612.39 2 1
github.com/Defacto2/server/handler/htmx/htmx.go:612.39,614.12 2 1
github.com/Defacto2/server/handler/htmx/htmx.go:616.3,616.44 1 0
github.com/Defacto2/server/handler/htmx/htmx.go:616.44,618.12 2 0
github.com/Defacto2/server/handler/htmx/htmx.go:620.3,620.44 1 0
github.com/Defacto2/server/handler/htmx/htmx.go:620.44,622.12 2 0
github.com/Defacto2/server/handler/htmx/htmx.go:626.2,628.16 3 1
github.com/Defacto2/server/handler/htmx/htmx.go:628.16,629.16 1 0
github.com/Defacto2/server/handler/htmx/htmx.go:629.16,631.4 1 0
github.com/Defacto2/server/handler/htmx/htmx.go:632.3,633.36 1 0
github.com/Defacto2/server/handler/htmx/htmx.go:636.2,636.18 1 1
github.com/Defacto2/server/handler/htmx/htmx.go:636.18,638.3 1 0
github.com/Defacto2/server/handler/htmx/htmx.go:640.2,645.16 2 1
github.com/Defacto2/server/handler/htmx/htmx.go:645.16,646.16 1 1
github.com/Defacto2/server/handler/htmx/htmx.go:646.16,648.4 1 1
github.com/Defacto2/server/handler/htmx/htmx.go:649.3,649.98 1 1
github.com/Defacto2/server/handler/htmx/htmx.go:652.2,652.12 1 0
github.com/Defacto2/server/handler/htmx/htmx.go:657.38,658.13 1 1
github.com/Defacto2/server/handler/htmx/htmx.go:658.13,660.3 1 1
github.com/Defacto2/server/handler/htmx/htmx.go:662.2,667.45 4 1
github.com/Defacto2/server/handler/htmx/htmx.go:667.45,669.16 2 1
github.com/Defacto2/server/handler/htmx/htmx.go:669.16,670.12 1 0
github.com/Defacto2/server/handler/htmx/htmx.go:673.3,673.49 1 1
github.com/Defacto2/server/handler/htmx/htmx.go:673.49,676.35 1 1
github.com/Defacto2/server/handler/htmx/htmx.go:676.35,678.13 2 1
github.com/Defacto2/server/handler/htmx/htmx.go:680.4,680.25 1 1
github.com/Defacto2/server/handler/htmx/htmx.go:680.25,681.13 1 1
github.com/Defacto2/server/handler/htmx/htmx.go:683.4,683.68 1 1
github.com/Defacto2/server/handler/htmx/htmx.go:683.68,685.5 1 0
github.com/Defacto2/server/handler/htmx/htmx.go:689.2,690.41 2 1
github.com/Defacto2/server/handler/htmx/htmx.go:690.41,692.3 1 0
github.com/Defacto2/server/handler/htmx/htmx.go:694.2,694.16 1 1
github.com/Defacto2/server/handler/htmx/htmx.go:698.95,700.50 2 1
github.com/Defacto2/server/handler/htmx/htmx.go:700.50,702.3 1 0
github.com/Defacto2/server/handler/htmx/htmx.go:704.2,708.16 5 1
github.com/Defacto2/server/handler/htmx/htmx.go:708.16,711.3 2 0
github.com/Defacto2/server/handler/htmx/htmx.go:714.2,725.64 8 1
github.com/Defacto2/server/handler/htmx/htmx.go:725.64,729.3 2 0
github.com/Defacto2/server/handler/htmx/htmx.go:732.2,733.19 2 1
github.com/Defacto2/server/handler/htmx/htmx.go:733.19,734.66 1 1
github.com/Defacto2/server/handler/htmx/htmx.go:734.66,738.4 2 0
github.com/Defacto2/server/handler/htmx/htmx.go:741.2,745.38 3 1
github.com/Defacto2/server/handler/htmx/htmx.go:745.38,747.3 1 0
github.com/Defacto2/server/handler/htmx/htmx.go:749.2,756.16 2 1
github.com/Defacto2/server/handler/htmx/htmx.go:756.16,759.3 1 1
github.com/Defacto2/server/handler/htmx/htmx.go:761.2,761.12 1 0
github.com/Defacto2/server/handler/htmx/htmx.go:765.90,767.2 1 1
github.com/Defacto2/server/handler/htmx/htmx.go:770.90,772.2 1 1
github.com/Defacto2/server/handler/htmx/htmx.go:775.96,777.46 2 1
github.com/Defacto2/server/handler/htmx/htmx.go:777.46,779.3 1 0
github.com/Defacto2/server/handler/htmx/htmx.go:781.2,782.16 2 1
github.com/Defacto2/server/handler/htmx/htmx.go:782.16,784.3 1 0
github.com/Defacto2/server/handler/htmx/htmx.go:786.2,787.46 2 1
github.com/Defacto2/server/handler/htmx/htmx.go:787.46,788.41 1 0
github.com/Defacto2/server/handler/htmx/htmx.go:788.41,791.4 2 0
github.com/Defacto2/server/handler/htmx/htmx.go:793.2,799.14 6 1
github.com/Defacto2/server/handler/htmx/htmx.go:799.14,801.3 1 1
github.com/Defacto2/server/handler/htmx/htmx.go:801.8,803.3 1 1
github.com/Defacto2/server/handler/htmx/htmx.go:804.2,804.16 1 1
github.com/Defacto2/server/handler/htmx/htmx.go:804.16,810.3 2 0
github.com/Defacto2/server/handler/htmx/htmx.go:811.2,811.17 1 1
github.com/Defacto2/server/handler/htmx/htmx.go:811.17,813.3 1 0
github.com/Defacto2/server/handler/htmx/htmx.go:815.2,820.16 2 1
github.com/Defacto2/server/handler/htmx/htmx.go:820.16,823.3 1 1
github.com/Defacto2/server/handler/htmx/htmx.go:825.2,825.12 1 0
github.com/Defacto2/server/handler/htmx/template.go:24.33,27.2 2 0
github.com/Defacto2/server/handler/htmx/template.go:30.58,37.2 5 1
github.com/Defacto2/server/handler/htmx/template.go:39.31,40.17 1 1
github.com/Defacto2/server/handler/htmx/template.go:40.17,42.3 1 0
github.com/Defacto2/server/handler/htmx/template.go:44.2,45.40 2 1
github.com/Defacto2/server/handler/htmx/template.go:48.41,49.19 1 1
github.com/Defacto2/server/handler/htmx/template.go:49.19,51.3 1 1
github.com/Defacto2/server/handler/htmx/template.go:53.2,54.92 2 0
github.com/Defacto2/server/handler/htmx/template.go:57.47,58.19 1 1
github.com/Defacto2/server/handler/htmx/template.go:58.19,60.3 1 1
github.com/Defacto2/server/handler/htmx/template.go:62.2,63.92 2 0
github.com/Defacto2/server/handler/htmx/template.go:66.55,67.19 1 1
github.com/Defacto2/server/handler/htmx/template.go:67.19,69.3 1 1
github.com/Defacto2/server/handler/htmx/template.go:71.2,72.92 2 0
github.com/Defacto2/server/handler/htmx/template.go:75.44,77.35 2 0
github.com/Defacto2/server/handler/htmx/template.go:77.35,79.3 1 0
github.com/Defacto2/server/handler/htmx/template.go:80.2,81.35 2 0
github.com/Defacto2/server/handler/htmx/template.go:81.35,83.3 1 0
github.com/Defacto2/server/handler/htmx/template.go:84.2,84.17 1 0
github.com/Defacto2/server/handler/htmx/template.go:87.34,88.48 1 0
github.com/Defacto2/server/handler/htmx/template.go:88.48,90.3 1 0
github.com/Defacto2/server/handler/htmx/template.go:91.2,91.32 1 0
github.com/Defacto2/server/handler/htmx/template.go:94.35,96.2 1 0
github.com/Defacto2/server/handler/htmx/template.go:98.60,99.37 1 0
github.com/Defacto2/server/handler/htmx/template.go:99.37,102.3 2 0
github.com/Defacto2/server/handler/htmx/template.go:103.2,103.36 1 0
github.com/Defacto2/server/handler/htmx/template.go:103.36,106.3 2 0
github.com/Defacto2/server/handler/htmx/template.go:107.2,107.11 1 0
github.com/Defacto2/server/handler/htmx/template.go:111.41,119.51 1 1
github.com/Defacto2/server/handler/htmx/template.go:119.51,121.4 1 0
github.com/Defacto2/server/handler/htmx/template.go:125.44,127.4 1 0
github.com/Defacto2/server/handler/htmx/template.go:131.41,133.4 1 0
github.com/Defacto2/server/handler/htmx/template.go:137.44,139.27 2 0
github.com/Defacto2/server/handler/htmx/template.go:140.11,141.10 1 0
github.com/Defacto2/server/handler/htmx/template.go:142.10,143.12 1 0
github.com/Defacto2/server/handler/htmx/template.go:145.2,146.28 2 0
github.com/Defacto2/server/handler/htmx/template.go:146.28,148.3 1 0
github.com/Defacto2/server/handler/htmx/template.go:149.2,150.13 2 0
github.com/Defacto2/server/handler/htmx/template.go:151.10,152.13 1 0
github.com/Defacto2/server/handler/htmx/template.go:153.11,154.13 1 0
github.com/Defacto2/server/handler/htmx/template.go:155.11,156.13 1 0
github.com/Defacto2/server/handler/htmx/template.go:157.11,158.13 1 0
github.com/Defacto2/server/handler/htmx/template.go:159.11,160.13 1 0
github.com/Defacto2/server/handler/htmx/template.go:161.10,162.46 1 0
github.com/Defacto2/server/handler/htmx/template.go:167.60,169.22 2 1
github.com/Defacto2/server/handler/htmx/template.go:169.22,171.3 1 1
github.com/Defacto2/server/handler/htmx/template.go:172.2,172.29 1 1
github.com/Defacto2/server/handler/htmx/template.go:174.39,178.12 4 1
github.com/Defacto2/server/handler/htmx/template.go:178.12,180.4 1 1
github.com/Defacto2/server/handler/htmx/template.go:181.3,181.11 1 1
github.com/Defacto2/server/handler/htmx/template.go:182.10,184.11 2 1
github.com/Defacto2/server/handler/htmx/template.go:186.2,186.10 1 1
github.com/Defacto2/server/handler/htmx/transfer.go:51.85,53.46 2 1
github.com/Defacto2/server/handler/htmx/transfer.go:53.46,55.3 1 1
github.com/Defacto2/server/handler/htmx/transfer.go:57.2,60.20 3 1
github.com/Defacto2/server/handler/htmx/transfer.go:60.20,62.3 1 1
github.com/Defacto2/server/handler/htmx/transfer.go:64.2,66.16 3 1
github.com/Defacto2/server/handler/htmx/transfer.go:66.16,69.3 2 0
github.com/Defacto2/server/handler/htmx/transfer.go:71.2,71.44 1 1
github.com/Defacto2/server/handler/htmx/transfer.go:77.71,79.46 2 1
github.com/Defacto2/server/handler/htmx/transfer.go:79.46,81.3 1 0
github.com/Defacto2/server/handler/htmx/transfer.go:83.2,84.16 2 1
github.com/Defacto2/server/handler/htmx/transfer.go:84.16,86.3 1 1
github.com/Defacto2/server/handler/htmx/transfer.go:88.2,90.16 3 0
github.com/Defacto2/server/handler/htmx/transfer.go:90.16,94.3 2 0
github.com/Defacto2/server/handler/htmx/transfer.go:95.2,95.12 1 0
github.com/Defacto2/server/handler/htmx/transfer.go:95.12,97.3 1 0
github.com/Defacto2/server/handler/htmx/transfer.go:98.2,100.16 3 0
github.com/Defacto2/server/handler/htmx/transfer.go:100.16,103.3 2 0
github.com/Defacto2/server/handler/htmx/transfer.go:105.2,105.37 1 0
github.com/Defacto2/server/handler/htmx/transfer.go:109.94,114.2 4 0
github.com/Defacto2/server/handler/htmx/transfer.go:117.94,122.2 4 0
github.com/Defacto2/server/handler/htmx/transfer.go:125.97,130.2 4 0
github.com/Defacto2/server/handler/htmx/transfer.go:133.93,136.2 2 0
github.com/Defacto2/server/handler/htmx/transfer.go:139.96,142.2 2 0
github.com/Defacto2/server/handler/htmx/transfer.go:145.97,148.2 2 1
github.com/Defacto2/server/handler/htmx/transfer.go:150.33,151.16 1 0
github.com/Defacto2/server/handler/htmx/transfer.go:151.16,153.3 1 0
github.com/Defacto2/server/handler/htmx/transfer.go:155.2,155.11 1 0
github.com/Defacto2/server/handler/htmx/transfer.go:165.80,167.46 2 1
github.com/Defacto2/server/handler/htmx/transfer.go:167.46,169.3 1 1
github.com/Defacto2/server/handler/htmx/transfer.go:171.2,171.45 1 1
github.com/Defacto2/server/handler/htmx/transfer.go:171.45,173.3 1 0
github.com/Defacto2/server/handler/htmx/transfer.go:175.2,177.16 3 1
github.com/Defacto2/server/handler/htmx/transfer.go:177.16,179.3 1 1
github.com/Defacto2/server/handler/htmx/transfer.go:181.2,182.16 2 0
github.com/Defacto2/server/handler/htmx/transfer.go:182.16,184.3 1 0
github.com/Defacto2/server/handler/htmx/transfer.go:186.2,186.15 1 0
github.com/Defacto2/server/handler/htmx/transfer.go:186.15,188.3 1 0
github.com/Defacto2/server/handler/htmx/transfer.go:190.2,193.59 4 0
github.com/Defacto2/server/handler/htmx/transfer.go:193.59,195.3 1 0
github.com/Defacto2/server/handler/htmx/transfer.go:197.2,200.16 4 0
github.com/Defacto2/server/handler/htmx/transfer.go:200.16,202.3 1 0
github.com/Defacto2/server/handler/htmx/transfer.go:204.2,205.16 2 0
github.com/Defacto2/server/handler/htmx/transfer.go:205.16,207.3 1 0
github.com/Defacto2/server/handler/htmx/transfer.go:209.2,209.11 1 0
github.com/Defacto2/server/handler/htmx/transfer.go:209.11,213.3 1 0
github.com/Defacto2/server/handler/htmx/transfer.go:215.2,216.16 2 0
github.com/Defacto2/server/handler/htmx/transfer.go:216.16,218.3 1 0
github.com/Defacto2/server/handler/htmx/transfer.go:220.2,220.15 1 0
github.com/Defacto2/server/handler/htmx/transfer.go:220.15,222.3 1 0
github.com/Defacto2/server/handler/htmx/transfer.go:224.2,225.16 2 0
github.com/Defacto2/server/handler/htmx/transfer.go:225.16,229.3 1 0
github.com/Defacto2/server/handler/htmx/transfer.go:231.2,237.16 4 0
github.com/Defacto2/server/handler/htmx/transfer.go:237.16,239.48 1 0
github.com/Defacto2/server/handler/htmx/transfer.go:239.48,241.4 1 0
github.com/Defacto2/server/handler/htmx/transfer.go:242.3,243.17 2 0
github.com/Defacto2/server/handler/htmx/transfer.go:243.17,245.4 1 0
github.com/Defacto2/server/handler/htmx/transfer.go:246.8,246.20 1 0
github.com/Defacto2/server/handler/htmx/transfer.go:246.20,248.3 1 0
github.com/Defacto2/server/handler/htmx/transfer.go:250.2,252.47 2 0
github.com/Defacto2/server/handler/htmx/transfer.go:255.69,256.38 1 0
github.com/Defacto2/server/handler/htmx/transfer.go:256.38,258.3 1 0
github.com/Defacto2/server/handler/htmx/transfer.go:260.2,264.20 3 0
github.com/Defacto2/server/handler/htmx/transfer.go:264.20,269.3 2 0
github.com/Defacto2/server/handler/htmx/transfer.go:271.2,271.36 1 0
github.com/Defacto2/server/handler/htmx/transfer.go:278.79,280.15 2 0
github.com/Defacto2/server/handler/htmx/transfer.go:280.15,282.3 1 0
github.com/Defacto2/server/handler/htmx/transfer.go:284.2,284.38 1 0
github.com/Defacto2/server/handler/htmx/transfer.go:284.38,286.17 2 0
github.com/Defacto2/server/handler/htmx/transfer.go:286.17,288.4 1 0
github.com/Defacto2/server/handler/htmx/transfer.go:289.3,289.31 1 0
github.com/Defacto2/server/handler/htmx/transfer.go:292.2,292.24 1 0
github.com/Defacto2/server/handler/htmx/transfer.go:292.24,296.3 2 0
github.com/Defacto2/server/handler/htmx/transfer.go:298.2,299.16 2 0
github.com/Defacto2/server/handler/htmx/transfer.go:299.16,302.3 2 0
github.com/Defacto2/server/handler/htmx/transfer.go:303.2,303.16 1 0
github.com/Defacto2/server/handler/htmx/transfer.go:303.16,306.3 2 0
github.com/Defacto2/server/handler/htmx/transfer.go:308.2,310.16 3 0
github.com/Defacto2/server/handler/htmx/transfer.go:310.16,313.3 2 0
github.com/Defacto2/server/handler/htmx/transfer.go:315.2,316.71 1 0
github.com/Defacto2/server/handler/htmx/transfer.go:319.66,320.15 1 1
github.com/Defacto2/server/handler/htmx/transfer.go:320.15,322.3 1 0
github.com/Defacto2/server/handler/htmx/transfer.go:323.2,326.16 2 1
github.com/Defacto2/server/handler/htmx/transfer.go:326.16,328.3 1 1
github.com/Defacto2/server/handler/htmx/transfer.go:329.2,329.16 1 1
github.com/Defacto2/server/handler/htmx/transfer.go:329.16,331.3 1 1
github.com/Defacto2/server/handler/htmx/transfer.go:332.2,332.42 1 1
github.com/Defacto2/server/handler/htmx/transfer.go:335.84,337.42 2 1
github.com/Defacto2/server/handler/htmx/transfer.go:337.42,339.3 1 0
github.com/Defacto2/server/handler/htmx/transfer.go:341.2,343.48 2 1
github.com/Defacto2/server/handler/htmx/transfer.go:346.84,348.42 2 0
github.com/Defacto2/server/handler/htmx/transfer.go:348.42,350.3 1 0
github.com/Defacto2/server/handler/htmx/transfer.go:352.2,354.44 2 0
github.com/Defacto2/server/handler/htmx/transfer.go:357.82,359.42 2 0
github.com/Defacto2/server/handler/htmx/transfer.go:359.42,361.3 1 0
github.com/Defacto2/server/handler/htmx/transfer.go:363.2,365.44 2 0
github.com/Defacto2/server/handler/htmx/transfer.go:368.68,370.42 2 0
github.com/Defacto2/server/handler/htmx/transfer.go:370.42,372.3 1 0
github.com/Defacto2/server/handler/htmx/transfer.go:374.2,376.47 2 0
github.com/Defacto2/server/handler/htmx/transfer.go:380.103,382.48 2 0
github.com/Defacto2/server/handler/htmx/transfer.go:382.48,384.3 1 0
github.com/Defacto2/server/handler/htmx/transfer.go:386.2,386.47 1 0
github.com/Defacto2/server/handler/htmx/transfer.go:386.47,389.3 1 0
github.com/Defacto2/server/handler/htmx/transfer.go:391.2,395.16 4 0
github.com/Defacto2/server/handler/htmx/transfer.go:395.16,398.3 2 0
github.com/Defacto2/server/handler/htmx/transfer.go:399.2,399.15 1 0
github.com/Defacto2/server/handler/htmx/transfer.go:399.15,401.3 1 0
github.com/Defacto2/server/handler/htmx/transfer.go:404.2,406.16 3 0
github.com/Defacto2/server/handler/htmx/transfer.go:406.16,409.3 2 0
github.com/Defacto2/server/handler/htmx/transfer.go:410.2,410.15 1 0
github.com/Defacto2/server/handler/htmx/transfer.go:410.15,412.3 1 0
github.com/Defacto2/server/handler/htmx/transfer.go:415.2,417.55 3 0
github.com/Defacto2/server/handler/htmx/transfer.go:417.55,420.3 2 0
github.com/Defacto2/server/handler/htmx/transfer.go:422.2,422.24 1 0
github.com/Defacto2/server/handler/htmx/transfer.go:433.98,436.55 3 0
github.com/Defacto2/server/handler/htmx/transfer.go:436.55,438.3 1 0
github.com/Defacto2/server/handler/htmx/transfer.go:441.2,442.16 2 0
github.com/Defacto2/server/handler/htmx/transfer.go:442.16,445.3 2 0
github.com/Defacto2/server/handler/htmx/transfer.go:447.2,453.62 6 0
github.com/Defacto2/server/handler/htmx/transfer.go:453.62,455.15 2 0
github.com/Defacto2/server/handler/htmx/transfer.go:455.15,457.4 1 0
github.com/Defacto2/server/handler/htmx/transfer.go:460.2,460.56 1 0
github.com/Defacto2/server/handler/htmx/transfer.go:460.56,462.15 2 0
github.com/Defacto2/server/handler/htmx/transfer.go:462.15,464.4 1 0
github.com/Defacto2/server/handler/htmx/transfer.go:468.2,470.16 3 0
github.com/Defacto2/server/handler/htmx/transfer.go:470.16,473.3 2 0
github.com/Defacto2/server/handler/htmx/transfer.go:475.2,475.22 1 0
github.com/Defacto2/server/handler/htmx/transfer.go:485.40,487.2 1 1
github.com/Defacto2/server/handler/htmx/transfer.go:489.107,491.46 2 1
github.com/Defacto2/server/handler/htmx/transfer.go:491.46,493.3 1 0
github.com/Defacto2/server/handler/htmx/transfer.go:495.2,495.38 1 1
github.com/Defacto2/server/handler/htmx/transfer.go:495.38,497.3 1 0
github.com/Defacto2/server/handler/htmx/transfer.go:499.2,501.16 3 1
github.com/Defacto2/server/handler/htmx/transfer.go:501.16,503.3 1 0
github.com/Defacto2/server/handler/htmx/transfer.go:505.2,508.14 4 1
github.com/Defacto2/server/handler/htmx/transfer.go:509.15,510.48 1 1
github.com/Defacto2/server/handler/htmx/transfer.go:511.13,512.46 1 1
github.com/Defacto2/server/handler/htmx/transfer.go:514.2,514.17 1 1
github.com/Defacto2/server/handler/htmx/transfer.go:514.17,516.3 1 0
github.com/Defacto2/server/handler/htmx/transfer.go:517.2,517.11 1 1
github.com/Defacto2/server/handler/htmx/transfer.go:517.11,519.3 1 1
github.com/Defacto2/server/handler/htmx/transfer.go:521.2,523.14 3 0
github.com/Defacto2/server/handler/htmx/transfer.go:524.15,525.52 1 0
github.com/Defacto2/server/handler/htmx/transfer.go:526.13,527.50 1 0
github.com/Defacto2/server/handler/htmx/transfer.go:529.2,529.28 1 0
github.com/Defacto2/server/handler/htmx/transfer.go:529.28,532.3 2 0
github.com/Defacto2/server/handler/htmx/transfer.go:534.2,536.20 3 0
github.com/Defacto2/server/handler/htmx/transfer.go:536.20,541.3 3 0
github.com/Defacto2/server/handler/htmx/transfer.go:544.2,544.14 1 0
github.com/Defacto2/server/handler/htmx/transfer.go:545.15,546.76 1 0
github.com/Defacto2/server/handler/htmx/transfer.go:546.76,551.4 4 0
github.com/Defacto2/server/handler/htmx/transfer.go:552.13,553.74 1 0
github.com/Defacto2/server/handler/htmx/transfer.go:553.74,558.4 4 0
github.com/Defacto2/server/handler/htmx/transfer.go:561.2,565.38 2 0
github.com/Defacto2/server/handler/htmx/transfer.go:569.66,571.38 2 1
github.com/Defacto2/server/handler/htmx/transfer.go:571.38,573.3 1 0
github.com/Defacto2/server/handler/htmx/transfer.go:575.2,576.16 2 1
github.com/Defacto2/server/handler/htmx/transfer.go:576.16,579.3 1 1
github.com/Defacto2/server/handler/htmx/transfer.go:581.2,582.14 2 0
github.com/Defacto2/server/handler/htmx/transfer.go:583.10,584.26 1 0
github.com/Defacto2/server/handler/htmx/transfer.go:585.10,586.24 1 0
github.com/Defacto2/server/handler/htmx/transfer.go:588.2,588.27 1 0
github.com/Defacto2/server/handler/htmx/transfer.go:588.27,591.3 2 0
github.com/Defacto2/server/handler/htmx/transfer.go:593.2,593.16 1 0
github.com/Defacto2/server/handler/htmx/transfer.go:603.70,605.42 2 1
github.com/Defacto2/server/handler/htmx/transfer.go:605.42,607.3 1 1
github.com/Defacto2/server/handler/htmx/transfer.go:609.2,610.44 2 1
github.com/Defacto2/server/handler/htmx/transfer.go:610.44,612.3 1 0
github.com/Defacto2/server/handler/htmx/transfer.go:613.2,613.46 1 1
github.com/Defacto2/server/handler/htmx/transfer.go:613.46,615.3 1 0
github.com/Defacto2/server/handler/htmx/transfer.go:616.2,617.38 2 1
github.com/Defacto2/server/handler/htmx/transfer.go:617.38,619.3 1 1
github.com/Defacto2/server/handler/htmx/transfer.go:621.2,623.16 3 0
github.com/Defacto2/server/handler/htmx/transfer.go:623.16,625.3 1 0
github.com/Defacto2/server/handler/htmx/transfer.go:626.2,627.16 2 0
github.com/Defacto2/server/handler/htmx/transfer.go:627.16,629.3 1 0
github.com/Defacto2/server/handler/htmx/transfer.go:630.2,630.15 1 0
github.com/Defacto2/server/handler/htmx/transfer.go:630.15,632.3 1 0
github.com/Defacto2/server/handler/htmx/transfer.go:634.2,636.16 3 0
github.com/Defacto2/server/handler/htmx/transfer.go:636.16,638.3 1 0
github.com/Defacto2/server/handler/htmx/transfer.go:639.2,639.15 1 0
github.com/Defacto2/server/handler/htmx/transfer.go:639.15,641.3 1 0
github.com/Defacto2/server/handler/htmx/transfer.go:643.2,645.56 3 0
github.com/Defacto2/server/handler/htmx/transfer.go:645.56,647.3 1 0
github.com/Defacto2/server/handler/htmx/transfer.go:648.2,648.15 1 0
github.com/Defacto2/server/handler/htmx/transfer.go:648.15,650.3 1 0
github.com/Defacto2/server/handler/htmx/transfer.go:652.2,654.16 3 0
github.com/Defacto2/server/handler/htmx/transfer.go:654.16,656.3 1 0
github.com/Defacto2/server/handler/htmx/transfer.go:657.2,657.15 1 0
github.com/Defacto2/server/handler/htmx/transfer.go:657.15,659.3 1 0
github.com/Defacto2/server/handler/htmx/transfer.go:661.2,667.20 5 0
github.com/Defacto2/server/handler/htmx/transfer.go:667.20,668.78 1 0
github.com/Defacto2/server/handler/htmx/transfer.go:668.78,672.4 2 0
github.com/Defacto2/server/handler/htmx/transfer.go:674.3,674.38 1 0
github.com/Defacto2/server/handler/htmx/transfer.go:677.2,677.20 1 0
github.com/Defacto2/server/handler/htmx/transfer.go:677.20,681.17 3 0
github.com/Defacto2/server/handler/htmx/transfer.go:681.17,683.4 1 0
github.com/Defacto2/server/handler/htmx/transfer.go:684.3,684.38 1 0
github.com/Defacto2/server/handler/htmx/transfer.go:687.2,687.91 1 0
github.com/Defacto2/server/handler/htmx/transfer.go:690.48,694.2 3 0
github.com/Defacto2/server/handler/htmx/transfer.go:696.48,700.2 3 0
github.com/Defacto2/server/handler/htmx/transfer.go:702.57,703.38 1 0
github.com/Defacto2/server/handler/htmx/transfer.go:703.38,706.3 2 0
github.com/Defacto2/server/handler/htmx/transfer.go:708.2,709.63 2 0
github.com/Defacto2/server/handler/htmx/transfer.go:714.81,716.46 2 1
github.com/Defacto2/server/handler/htmx/transfer.go:716.46,718.3 1 1
github.com/Defacto2/server/handler/htmx/transfer.go:720.2,720.45 1 1
github.com/Defacto2/server/handler/htmx/transfer.go:720.45,722.3 1 0
github.com/Defacto2/server/handler/htmx/transfer.go:724.2,725.38 2 1
github.com/Defacto2/server/handler/htmx/transfer.go:725.38,727.3 1 1
github.com/Defacto2/server/handler/htmx/transfer.go:729.2,731.16 3 0
github.com/Defacto2/server/handler/htmx/transfer.go:731.16,733.3 1 0
github.com/Defacto2/server/handler/htmx/transfer.go:735.2,736.16 2 0
github.com/Defacto2/server/handler/htmx/transfer.go:736.16,738.3 1 0
github.com/Defacto2/server/handler/htmx/transfer.go:739.2,739.15 1 0
github.com/Defacto2/server/handler/htmx/transfer.go:739.15,741.3 1 0
github.com/Defacto2/server/handler/htmx/transfer.go:743.2,756.59 5 0
github.com/Defacto2/server/handler/htmx/transfer.go:756.59,758.3 1 0
github.com/Defacto2/server/handler/htmx/transfer.go:759.2,761.16 3 0
github.com/Defacto2/server/handler/htmx/transfer.go:761.16,763.3 1 0
github.com/Defacto2/server/handler/htmx/transfer.go:764.2,764.15 1 0
github.com/Defacto2/server/handler/htmx/transfer.go:764.15,766.3 1 0
github.com/Defacto2/server/handler/htmx/transfer.go:768.2,770.27 3 0
github.com/Defacto2/server/handler/htmx/transfer.go:770.27,773.3 2 0
github.com/Defacto2/server/handler/htmx/transfer.go:775.2,778.29 4 0
github.com/Defacto2/server/handler/htmx/transfer.go:778.29,780.3 1 0
github.com/Defacto2/server/handler/htmx/transfer.go:782.2,783.54 2 0
github.com/Defacto2/server/handler/htmx/transfer.go:783.54,785.3 1 0
github.com/Defacto2/server/handler/htmx/transfer.go:787.2,788.16 2 0
github.com/Defacto2/server/handler/htmx/transfer.go:788.16,790.3 1 0
github.com/Defacto2/server/handler/htmx/transfer.go:791.2,791.43 1 0
github.com/Defacto2/server/handler/htmx/transfer.go:791.43,793.3 1 0
github.com/Defacto2/server/handler/htmx/transfer.go:795.2,796.55 2 0
github.com/Defacto2/server/handler/htmx/transfer.go:796.55,799.3 1 0
github.com/Defacto2/server/handler/htmx/transfer.go:800.2,800.36 1 0
github.com/Defacto2/server/handler/htmx/transfer.go:800.36,802.3 1 0
github.com/Defacto2/server/handler/htmx/transfer.go:804.2,806.15 3 0
github.com/Defacto2/server/handler/htmx/transfer.go:806.15,808.3 1 0
github.com/Defacto2/server/handler/htmx/transfer.go:810.2,811.68 2 0
github.com/Defacto2/server/handler/htmx/transfer.go:814.65,815.15 1 0
github.com/Defacto2/server/handler/htmx/transfer.go:815.15,817.3 1 0
github.com/Defacto2/server/handler/htmx/transfer.go:818.2,818.17 1 0
github.com/Defacto2/server/handler/htmx/transfer.go:818.17,820.3 1 0
github.com/Defacto2/server/handler/htmx/transfer.go:821.2,821.37 1 0
github.com/Defacto2/server/handler/htmx/transfer.go:821.37,824.3 1 0
github.com/Defacto2/server/handler/htmx/transfer.go:827.51,828.15 1 0
github.com/Defacto2/server/handler/htmx/transfer.go:828.15,830.3 1 0
github.com/Defacto2/server/handler/htmx/transfer.go:831.2,831.40 1 0
github.com/Defacto2/server/handler/htmx/transfer.go:831.40,834.3 1 0
github.com/Defacto2/server/handler/htmx/transfer.go:846.51,847.38 1 1
github.com/Defacto2/server/handler/htmx/transfer.go:847.38,850.3 2 0
github.com/Defacto2/server/handler/htmx/transfer.go:852.2,855.47 3 1
github.com/Defacto2/server/handler/htmx/transfer.go:855.47,857.3 1 0
github.com/Defacto2/server/handler/htmx/transfer.go:858.2,858.46 1 1
github.com/Defacto2/server/handler/htmx/transfer.go:858.46,860.3 1 1
github.com/Defacto2/server/handler/htmx/transfer.go:862.2,864.16 3 0
github.com/Defacto2/server/handler/htmx/transfer.go:864.16,866.3 1 0
github.com/Defacto2/server/handler/htmx/transfer.go:868.2,871.11 3 0
